// Jest Snapshot v1, https://goo.gl/fbAQLP

exports[`[object Object] 1`] = `
<h1>
  Viewing 
  3
   
  expenses
   totalling 
  $100.00
</h1>
`;
